Nothing to build in platform 'mb_usb_hdmi_top'

21:28:40 **** Incremental Build of configuration Release for project mb_final ****
make all 
'Building file: ../src/software/map.c'
'Invoking: MicroBlaze gcc compiler'
mb-gcc -Wall -O2 -c -fmessage-length=0 -MT"src/software/map.o" -ID:/ZJUI/ECE385/labs/final/workspace/mb_usb_hdmi_top/export/mb_usb_hdmi_top/sw/mb_usb_hdmi_top/standalone_microblaze_0/bspinclude/include -mno-xl-reorder -mlittle-endian -mxl-barrel-shift -mxl-pattern-compare -mcpu=v11.0 -mno-xl-soft-mul -Wl,--no-relax -ffunction-sections -fdata-sections -MMD -MP -MF"src/software/map.d" -MT"src/software/map.o" -o "src/software/map.o" "../src/software/map.c"
../src/software/map.c: In function 'check_clear':
../src/software/map.c:257:41: warning: implicit declaration of function 'xil_printf' [-Wimplicit-function-declaration]
  257 |                                         xil_printf("collisiosn!\n");
      |                                         ^~~~~~~~~~
../src/software/map.c: In function 'decrease_sun':
../src/software/map.c:314:1: warning: control reaches end of non-void function [-Wreturn-type]
  314 | }
      | ^
../src/software/map.c: In function 'draw_sun_digit':
../src/software/map.c:376:1: warning: control reaches end of non-void function [-Wreturn-type]
  376 | }
      | ^
../src/software/map.c: In function 'init_map':
../src/software/map.c:79:26: warning: 'i' is used uninitialized [-Wuninitialized]
   79 |         for(uint8_t i; i < 32; i++){
      |                        ~~^~~~
'Finished building: ../src/software/map.c'
' '
'Building target: mb_final.elf'
'Invoking: MicroBlaze gcc linker'
mb-gcc -Wl,-T -Wl,../src/lscript.ld -LD:/ZJUI/ECE385/labs/final/workspace/mb_usb_hdmi_top/export/mb_usb_hdmi_top/sw/mb_usb_hdmi_top/standalone_microblaze_0/bsplib/lib -mlittle-endian -mxl-barrel-shift -mxl-pattern-compare -mcpu=v11.0 -mno-xl-soft-mul -Wl,--no-relax -Wl,--gc-sections -o "mb_final.elf"  ./src/software/lw_usb/HID.o ./src/software/lw_usb/MAX3421E.o ./src/software/lw_usb/transfer.o  ./src/software/game_end_font.o ./src/software/game_timer.o ./src/software/hdmi_controller.o ./src/software/lw_usb_main.o ./src/software/map.o ./src/software/plants.o ./src/software/rand.o ./src/software/sun.o ./src/software/zombie.o  ./src/platform.o   -Wl,--start-group,-lxil,-lgcc,-lc,--end-group
'Finished building target: mb_final.elf'
' '
'Invoking: MicroBlaze Print Size'
mb-size mb_final.elf  |tee "mb_final.elf.size"
   text	   data	    bss	    dec	    hex	filename
  36604	  19160	   4700	  60464	   ec30	mb_final.elf
'Finished building: mb_final.elf.size'
' '
